// Jest Snapshot v1, https://goo.gl/fbAQLP

exports[`Header component correctly renders the result 1`] = `
<p
  className="result"
>
  12
</p>
`;
