// Jest Snapshot v1, https://goo.gl/fbAQLP

exports[`App component renders correctly 1`] = `
<div
  className="App"
>
  <Header
    result="0"
  />
  <Body
    onEqualClick={[Function]}
    onNumberClick={[Function]}
    onSymbolClick={[Function]}
  />
</div>
`;
